9 9
6 9
3 9
0 9
6 8
3 8
3 7
1 7
9 6
8 6
7 6
6 6
3 6
0 6
2 5
4 4
1 4
9 3
8 3
7 3
6 3
3 3
0 3
5 2
2 2
7 1
4 1
1 1
9 0
6 0
3 0
0 0
