9 9
5 9
0 9
7 8
2 8
4 7
9 6
1 6
7 5
3 5
5 4
0 4
9 3
7 2
4 2
1 2
9 0
6 0
3 0
0 0
