7 7
0 7
3 6
6 5
1 5
7 3
4 3
0 3
2 2
5 1
7 0
3 0
0 0
