29 29
20 29
12 29
0 29
6 27
16 25
24 24
10 23
2 22
29 20
20 20
14 18
6 18
25 16
0 16
18 14
10 14
29 12
4 12
23 10
14 10
8 8
0 8
27 6
18 6
12 4
4 4
22 2
29 0
16 0
8 0
0 0
