8 9
9 8
9 6
5 6
2 6
9 5
6 5
0 5
7 4
3 4
0 4
4 3
1 3
9 2
6 2
3 2
0 2
4 1
6 0
5 0
2 0
0 0
