9 9
4 9
2 9
1 9
7 8
4 8
0 8
9 7
8 7
5 7
2 7
2 6
1 6
9 5
5 5
0 5
1 4
9 3
3 3
0 3
5 2
8 1
4 1
0 1
6 0
3 0
2 0
0 0
