7 7
1 7
0 7
6 6
5 6
4 5
3 5
2 5
7 4
1 4
0 4
6 3
5 3
4 2
3 2
2 2
7 1
1 1
0 1
5 0
