6 7
2 7
0 7
7 6
3 6
5 4
1 4
6 3
4 3
2 3
0 3
7 2
3 2
5 0
1 0
